// Jest Snapshot v1, https://goo.gl/fbAQLP

exports[`CheckBoxInput component default renders correctly 1`] = `
<CheckBoxInput__Wrapper>
  <CheckBoxInput__BaseCheckBoxInput
    checked={true}
    disabled="false"
    id="terms"
  />
  <CheckBoxInput__Label
    data-e2e="termsLabel"
    htmlFor="terms"
  >
    <span>
      test
    </span>
  </CheckBoxInput__Label>
</CheckBoxInput__Wrapper>
`;
