// Jest Snapshot v1, https://goo.gl/fbAQLP

exports[`TextAreaInput component default renders correctly 1`] = `
<TextAreaInput__BaseTextAreaInput
  borderColor="red"
  resize={true}
/>
`;
