// Jest Snapshot v1, https://goo.gl/fbAQLP

exports[`Background component default renders correctly 1`] = `
<Background__BaseBackground
  height="10px"
  width="10px"
/>
`;
