// Jest Snapshot v1, https://goo.gl/fbAQLP

exports[`Image component default renders correctly 1`] = `
<img
  alt="empty-img"
/>
`;
