// Jest Snapshot v1, https://goo.gl/fbAQLP

exports[`HighFlow should render correctly 1`] = `
<IdentityVerification__IdentityVerificationForm>
  <FooterShadowWrapper
    fields={
      <ForwardRef>
        <ForwardRef>
          <ForwardRef>
            <FormattedMessage
              defaultMessage="Last Step. Let's Confirm It's You"
              id="identityverification.verify.header.confirm"
              values={Object {}}
            />
            <ForwardRef>
              <TooltipHost
                id="identityverification.headerhelper"
              >
                <ForwardRef
                  color="brand-primary"
                  name="question-in-circle-filled"
                  size="24px"
                />
              </TooltipHost>
              <ForwardRef
                name="identity-verification"
              />
            </ForwardRef>
          </ForwardRef>
          <ForwardRef>
            <FormattedMessage
              defaultMessage="We need to confirm your identity with a government issued ID and selfie. Before proceeding, make sure you have one of the following forms of ID handy and your camera is enabled."
              id="identityverification.verify.messagewithcamera"
              values={Object {}}
            />
          </ForwardRef>
          <ForwardRef>
            <FormattedMessage
              defaultMessage="Government Issued Passport"
              id="identityverification.verify.passport"
              values={Object {}}
            />
            <FormattedMessage
              defaultMessage="Driverâ€™s License"
              id="identityverification.verify.driverslicense"
              values={Object {}}
            />
            <FormattedMessage
              defaultMessage="National Identity Card"
              id="identityverification.verify.natitionalidcard"
              values={Object {}}
            />
          </ForwardRef>
          <ForwardRef>
            <Text
              altFont={false}
              capitalize={false}
              color="gray-5"
              cursor="inherit"
              italic={false}
              opacity={1}
              size="18px"
              uppercase={false}
              weight={400}
            >
              <FormattedMessage
                defaultMessage="How do I enable my camera and microphone?"
                id="identityverification.verify.how_to_camera_mic"
                values={Object {}}
              />
            </Text>
            <Text
              altFont={false}
              capitalize={false}
              color="gray-5"
              cursor="inherit"
              italic={false}
              opacity={1}
              size="16px"
              uppercase={false}
              weight={300}
            >
              <FormattedMessage
                defaultMessage="Click allow when prompted above or enable in your browser settings."
                id="identityverification.verify.instructions"
                values={Object {}}
              />
            </Text>
            <Image
              color="auto"
              height="auto"
              name="allow-camera"
              srcset={
                Object {
                  "allow-camera2": "2x",
                  "allow-camera3": "3x",
                }
              }
              width="auto"
            />
          </ForwardRef>
        </ForwardRef>
      </ForwardRef>
    }
    footer={
      <ForwardRef>
        <ForwardRef
          data-e2e="lowflowBackButton"
          onClick={[MockFunction]}
        >
          <FormattedMessage
            defaultMessage="Back"
            id="identityverification.lowflow.personal.back"
            values={Object {}}
          />
        </ForwardRef>
        <Button
          bold={false}
          capitalize={false}
          data-e2e="lowflowContinueButton"
          disabled={false}
          fullwidth={false}
          height="40px"
          nature="primary"
          onClick={[MockFunction]}
          rounded={false}
          size="14px"
          small={false}
          uppercase={false}
        >
          <FormattedMessage
            defaultMessage="Continue"
            id="identityverification.lowflow.personal.continue"
            values={Object {}}
          />
        </Button>
      </ForwardRef>
    }
  />
</IdentityVerification__IdentityVerificationForm>
`;
