// Jest Snapshot v1, https://goo.gl/fbAQLP

exports[`ComponentDropdown component default renders correctly 1`] = `
<template__Wrapper
  uppercase={true}
>
  <template__DropdownList
    down={false}
    toggled={false}
  >
    <template__DropdownItem
      key="0"
      onClick={[Function]}
    >
      <Component />
    </template__DropdownItem>
  </template__DropdownList>
  <template__ButtonContainer
    color="brand-secondary"
    onClick={[Function]}
  >
    <template__Button />
    <template__DropdownIcon
      data-e2e="dropdownToggleButton"
      name="down-arrow"
      size="12px"
    />
  </template__ButtonContainer>
</template__Wrapper>
`;
