// Jest Snapshot v1, https://goo.gl/fbAQLP

exports[`Icon component default renders correctly 1`] = `
<Icon__BaseIcon
  color="gray-5"
  cursorEnabled={false}
  size="16px"
  weight={400}
/>
`;
