// Jest Snapshot v1, https://goo.gl/fbAQLP

exports[`SimpleDropdown component default renders correctly 1`] = `
<template__Wrapper
  uppercase={true}
>
  <template__DropdownList
    down={false}
    toggled={false}
  >
    <template__DropdownItem
      key="0"
      onClick={[Function]}
    >
      test
    </template__DropdownItem>
  </template__DropdownList>
  <template__ButtonContainer
    color="brand-secondary"
    onClick={[Function]}
  >
    <template__Button>
      test
    </template__Button>
    <template__DropdownIcon
      name="down-arrow"
      size="8px"
    />
  </template__ButtonContainer>
</template__Wrapper>
`;
