// Jest Snapshot v1, https://goo.gl/fbAQLP

exports[`Pagination component default renders correctly 1`] = `<Pagination__Wrapper />`;
