// Jest Snapshot v1, https://goo.gl/fbAQLP

exports[`TabMenu component default renders correctly 1`] = `
<TabMenu__BaseTabMenu>
  <span>
    tab
  </span>
</TabMenu__BaseTabMenu>
`;
