// Jest Snapshot v1, https://goo.gl/fbAQLP

exports[`PasswordGauge component default renders correctly 1`] = `
<PasswordGauge__Container>
  <PasswordGauge__Bar
    color="error"
  />
  <PasswordGauge__Bar
    color="transparent"
  />
  <PasswordGauge__Bar
    color="transparent"
  />
  <PasswordGauge__Bar
    color="transparent"
  />
  <PasswordGauge__Bar
    color="transparent"
  />
</PasswordGauge__Container>
`;
