// Jest Snapshot v1, https://goo.gl/fbAQLP

exports[`SecurityGauge component default renders correctly 1`] = `
<SecurityGauge__Progress>
  <SecurityGauge__SecurityIcon
    name="checkmark-in-circle"
    size="16px"
  />
  <SecurityGauge__Empty />
  <SecurityGauge__Empty />
</SecurityGauge__Progress>
`;
