// Jest Snapshot v1, https://goo.gl/fbAQLP

exports[`ListItemContainer renders correctly 1`] = `
<Connect(ListItemContainer)
  minConfirmations={3}
  store={
    Object {
      "clearActions": [Function],
      "dispatch": [Function],
      "getActions": [Function],
      "getState": [Function],
      "replaceReducer": [Function],
      "subscribe": [Function],
    }
  }
>
  <ListItemContainer
    bchActions={
      Object {
        "createMetadataBch": [Function],
        "fetchMetadataBch": [Function],
        "fetchMetadataBchFailure": [Function],
        "fetchMetadataBchLoading": [Function],
        "fetchMetadataBchSuccess": [Function],
        "setAccountArchived": [Function],
        "setAccountLabel": [Function],
        "setDefaultAccountIdx": [Function],
        "setTxNotesBch": [Function],
      }
    }
    ethereumActions={
      Object {
        "createMetadataEthereum": [Function],
        "fetchMetadataEthereum": [Function],
        "fetchMetadataEthereumFailure": [Function],
        "fetchMetadataEthereumLoading": [Function],
        "fetchMetadataEthereumSuccess": [Function],
        "setLatestTxEthereum": [Function],
        "setLatestTxTimestampEthereum": [Function],
        "setTxNotesEthereum": [Function],
        "updateMetadataEthereum": [Function],
      }
    }
    minConfirmations={3}
    preferencesActions={
      Object {
        "hideKycCompleted": [Function],
        "setBitcoinCashWelcome": [Function],
        "setBitcoinWelcome": [Function],
        "setCulture": [Function],
        "setEtherWelcome": [Function],
        "setLanguage": [Function],
        "setTheme": [Function],
        "toggleCoinDisplayed": [Function],
      }
    }
    store={
      Object {
        "clearActions": [Function],
        "dispatch": [Function],
        "getActions": [Function],
        "getState": [Function],
        "replaceReducer": [Function],
        "subscribe": [Function],
      }
    }
    walletActions={
      Object {
        "createLegacyAddress": [Function],
        "deleteHdAddressLabel": [Function],
        "deleteLegacyAddress": [Function],
        "deleteWrapper": [Function],
        "refreshWrapper": [Function],
        "setAccountArchived": [Function],
        "setAccountLabel": [Function],
        "setAddressArchived": [Function],
        "setAutoLogout": [Function],
        "setDefaultAccountIdx": [Function],
        "setHdAddressLabel": [Function],
        "setLegacyAddressLabel": [Function],
        "setMainPassword": [Function],
        "setPayloadChecksum": [Function],
        "setSyncPubKeys": [Function],
        "setTransactionNote": [Function],
        "setWrapper": [Function],
        "verifyMnemonic": [Function],
      }
    }
  >
    <Component
      handleCoinToggle={[Function]}
      handleEditDescription={[Function]}
      minConfirmations={3}
    >
      <div />
    </Component>
  </ListItemContainer>
</Connect(ListItemContainer)>
`;
