// Jest Snapshot v1, https://goo.gl/fbAQLP

exports[`Support modal component matches snapshot 1`] = `
<Modal
  size="small"
>
  <Support__Body
    data-e2e="swapGetStarted"
  >
    <Support__Title
      size="20px"
    >
      <FormattedHTMLMessage
        defaultMessage="Need some help?"
        id="modals.support.need_some_help"
        values={Object {}}
      />
    </Support__Title>
    <Support__Message>
      <FormattedMessage
        defaultMessage="Our Blockchain Support Team is standing by."
        id="modals.support.our_support"
        values={Object {}}
      />
    </Support__Message>
    <Support__FooterLink
      href="https://blockchain.zendesk.com/hc/en-us/requests/new?ticket_form_id=360000180551"
      target="_blank"
    >
      <Support__FooterButton
        fullwidth={true}
        nature="primary"
        size="20px"
      >
        <FormattedMessage
          defaultMessage="Contact Support"
          id="modals.support.contact_support"
          values={Object {}}
        />
      </Support__FooterButton>
    </Support__FooterLink>
    <Support__BottomImage
      name="identity-verification"
    />
  </Support__Body>
</Modal>
`;
