// Jest Snapshot v1, https://goo.gl/fbAQLP

exports[`SelectBox renders correctly 1`] = `
.c0 {
  position: relative;
  width: 100%;
  height: auto;
}

<div
  className="c0"
>
  <select-input
    elements={
      Array [
        Object {
          "group": "fakeG",
          "items": Array [
            1,
            2,
            3,
          ],
        },
      ]
    }
    errorState="initial"
    onBlur={[MockFunction]}
    onChange={[MockFunction]}
    onFocus={[MockFunction]}
    value=""
  />
</div>
`;
