// Jest Snapshot v1, https://goo.gl/fbAQLP

exports[`ModalFooter component default renders correctly 1`] = `
<ModalFooter__Wrapper>
  <ModalFooter__Footer
    alignment="flex-start"
  />
</ModalFooter__Wrapper>
`;
