// Jest Snapshot v1, https://goo.gl/fbAQLP

exports[`ModalHeader component default renders correctly 1`] = `
<ModalHeader__Wrapper
  closeButton={true}
  icon="x"
  onClose={[Function]}
>
  <ModalHeader__Header>
    <ModalHeader__HeaderIcon
      color="gray-5"
      name="x"
      size="28px"
      weight={300}
    />
    <Text
      altFont={false}
      capitalize={true}
      className="headerText"
      color="gray-5"
      cursor="inherit"
      data-e2e="modalHeaderText"
      italic={false}
      opacity={1}
      size="20px"
      uppercase={false}
      weight={300}
    />
  </ModalHeader__Header>
  <Icon
    color="gray-5"
    cursor={true}
    data-e2e="modalCloseButton"
    name="close-bold"
    onClick={[Function]}
    size="16px"
    weight={300}
  />
</ModalHeader__Wrapper>
`;
