// Jest Snapshot v1, https://goo.gl/fbAQLP

exports[`Wallet newHDAccount 1`] = `
Object {
  "address_book": Object {},
  "addresses": Object {
    "14mQxLtEagsS8gYsdWJbzthFFuPDqDgtxQ": Object {
      "addr": "14mQxLtEagsS8gYsdWJbzthFFuPDqDgtxQ",
      "created_device_name": "javascript_web",
      "created_device_version": "3.0",
      "created_time": 1492721432222,
      "label": "labeled_imported",
      "priv": "BpD2ZuJjZ8PJPpDX6ZmsKFsXHkL7XV3dt385zghMfF6C",
      "tag": 0,
    },
    "19XmKRY66VnUn5irHAafyoTfiwFuGLUxKF": Object {
      "addr": "19XmKRY66VnUn5irHAafyoTfiwFuGLUxKF",
      "created_device_name": "javascript_web",
      "created_device_version": "3.0",
      "created_time": 1492721419269,
      "label": "",
      "priv": "38W3vsxt246Lhawvz81y2HQVnsJrBUX87jSTUUnixPsE",
      "tag": 0,
    },
    "1JD73aGSdeqKUjJ4ntP4eCyUiuZ3ogJE1u": Object {
      "addr": "1JD73aGSdeqKUjJ4ntP4eCyUiuZ3ogJE1u",
      "created_device_name": "javascript_web",
      "created_device_version": "3.0",
      "created_time": 1492721461228,
      "label": "",
      "priv": null,
      "tag": 0,
    },
  },
  "double_encryption": false,
  "guid": "50dae286-e42e-4d67-8419-d5dcc563746c",
  "hd_wallets": Array [
    Object {
      "accounts": Array [
        Object {
          "address_labels": Object {
            "0": Object {
              "index": 0,
              "label": "labeled_address",
            },
          },
          "archived": false,
          "cache": Object {
            "changeAccount": "xpub6F41z8MqNcJMwmeUExdCv7UXvYBEgQB29SWq9jyxuZ7WefmSTWcwXB6NRAJkGCkB3L1Eu4ttzWnPVKZ6REissrQ4i6p8gTi9j5YwDLxmZ8p",
            "receiveAccount": "xpub6F41z8MqNcJMvKQgAd5QE2QYo32cocYigWp1D8726ykMmaMqvtqLkvuL1NqGuUJvU3aWyJaV2J4V6sD7Pv59J3tYGZdYRSx8gU7EG8ZuPSY",
          },
          "index": 0,
          "label": "My Bitcoin Wallet",
          "xpriv": "xprv9yL1ousLjQQzGNBAYykaT8J3U626NV6zbLYkRv8rvUDpY4f1RnrvAXQneGXC9UNuNvGXX4j6oHBK5KiV2hKevRxY5ntis212oxjEL11ysuG",
          "xpub": "xpub6CKNDRQEZmyHUrFdf1HapGEn27ramwpqxZUMEJYUUokoQrz9yLBAiKjGVWDuiCT39udj1r3whqQN89Tar5KrojH8oqSy7ytzJKW8gwmhwD3",
        },
        Object {
          "address_labels": Object {},
          "archived": false,
          "cache": Object {
            "changeAccount": "xpub68Gmy5EVb2BdHTYHpekwGdcbBWax19w9HwA2DaADYvuCSSgt4YAErxxSN1KWSnmyqkwRNbnTj3XiUBKmHeC8rTjLRPjSULcDKQQgfgJDppq",
            "receiveAccount": "xpub68Gmy5EVb2BdFbj2LpWrk1M7obNuaPTpT5oh9QCCo5sRfqSHVYWex97WpDZzszdzHzxXDAzPLVSwybe4uPYkSk4G3gnrPqqkV9RyNzAcNJ1",
          },
          "index": 1,
          "label": "label",
          "xpriv": "xprv9s21ZrQH143K3QTDL4LXw2F7HEK3wJUD2nW2nRk4stbPy6cq3jPPqjiChkVvvNKmPGJxWUtg6LnF5kejMRNNU3TGtRBeJgk33yuGBxrMPHi",
          "xpub": "xpub661MyMwAqRbcFtXgS5sYJABqqG9YLmC4Q1Rdap9gSE8NqtwybGhePY2gZ29ESFjqJoCu1Rupje8YtGqsefD265TMg7usUDFdp6W1EGMcet8",
        },
      ],
      "default_account_idx": 0,
      "mnemonic_verified": false,
      "passphrase": "",
      "seedHex": "6a4d9524d413fdf69ca1b5664d1d6db0",
    },
  ],
  "metadataHDNode": "xprv9tygGQP8be7uzNm5Czuy41juTK9pUKnWyZtDxgbmSEcCYa9VdvvtSknEyiKitqqm2TMv14NjXPQ68XLwSdH6Scc5GwXoZ31yRZZysxhVGU7",
  "options": Object {
    "fee_per_kb": 10000,
    "html5_notifications": false,
    "logout_time": 600000,
    "pbkdf2_iterations": 5000,
  },
  "sharedKey": "8a260b2b-5257-4357-ac56-7a7efca323ea",
  "tx_names": Array [],
  "tx_notes": Object {},
}
`;
