// Jest Snapshot v1, https://goo.gl/fbAQLP

exports[`FlatLoader component default renders correctly 1`] = `
<FlatLoader__Container
  height="10px"
  width="10px"
>
  <FlatLoader__Rectangle1
    color="brand-primary"
  />
  <FlatLoader__Rectangle2
    color="brand-primary"
  />
  <FlatLoader__Rectangle3
    color="brand-primary"
  />
  <FlatLoader__Rectangle4
    color="brand-primary"
  />
  <FlatLoader__Rectangle5
    color="brand-primary"
  />
</FlatLoader__Container>
`;
