// Jest Snapshot v1, https://goo.gl/fbAQLP

exports[`HeartbeatLoader component default renders correctly 1`] = `
<HeartbeatLoader__Container
  height="10px"
  width="10px"
>
  <HeartbeatLoader__Circle1
    color="brand-primary"
  />
  <HeartbeatLoader__Circle2
    color="brand-primary"
  />
</HeartbeatLoader__Container>
`;
