// Jest Snapshot v1, https://goo.gl/fbAQLP

exports[`Link component default renders correctly 1`] = `
<Link__BaseLink
  bold={false}
  capitalize={false}
  color="brand-secondary"
  size="16px"
  uppercase={false}
  weight={400}
>
  <span>
    tab
  </span>
</Link__BaseLink>
`;
