// Jest Snapshot v1, https://goo.gl/fbAQLP

exports[`IconButton component default renders correctly 1`] = `
<IconButton__BaseIconButton>
  <Icon
    color="gray-6"
    cursor={false}
    name="test"
    size="16px"
    weight={400}
  />
</IconButton__BaseIconButton>
`;
