// Jest Snapshot v1, https://goo.gl/fbAQLP

exports[`PhoneNumberBox renders correctly 1`] = `
<PhoneNumberBox__Container>
  <Styled(mockConstructor)
    _css={
      Array [
        "intl-tel-input",
        "form-control",
      ]
    }
    defaultCountry="us"
    defaultValue=""
    format={true}
    onPhoneNumberBlur={[Function]}
    onPhoneNumberChange={[Function]}
    placeholder="555-555-5555"
    preferredCountries={
      Array [
        "us",
        "gb",
      ]
    }
    utilsScript="libphonenumber.js"
  />
</PhoneNumberBox__Container>
`;
