// Jest Snapshot v1, https://goo.gl/fbAQLP

exports[`InProgress renders correctly 1`] = `
<InProgress__ActionButton>
  <FormattedMessage
    defaultMessage="Continue where you left off"
    id="scenes.exchange.getstarted.status.inprogress.button"
    values={Object {}}
  />
</InProgress__ActionButton>
`;
