// Jest Snapshot v1, https://goo.gl/fbAQLP

exports[`Rejected renders correctly 1`] = `
<Rejected__Wrapper>
  <Component
    color="white"
    size="14px"
    weight={400}
  >
    <FormattedMessage
      defaultMessage="Account verification failed"
      id="scenes.exchange.getstarted.status.rejected.title"
      values={Object {}}
    />
  </Component>
  <Component
    size="14px"
    weight={300}
  >
    <FormattedMessage
      defaultMessage="Unfortunately we had some trouble with the documents that you’ve supplied and we can’t verify your account at this time. "
      id="scenes.exchange.getstarted.status.rejected.description"
      values={Object {}}
    />
  </Component>
</Rejected__Wrapper>
`;
