// Jest Snapshot v1, https://goo.gl/fbAQLP

exports[`Separator component default renders correctly 1`] = `<Separator__BaseSeparator />`;
