// Jest Snapshot v1, https://goo.gl/fbAQLP

exports[`EmptyContent renders correctly 1`] = `
<EmptyContent__Wrapper>
  <text
    size="20px"
  >
    <FormattedMessage
      defaultMessage="ðŸŽ‰ You're all caught up!"
      id="layouts.wallet.header.whatsnew.whatsnew.empty"
      values={Object {}}
    />
  </text>
  <text
    color="gray-3"
    size="12px"
    weight={300}
  >
    <FormattedHTMLMessage
      defaultMessage="Our team is always working on new features, but if there's something we can improve please let us know about it <a href='https://github.com/blockchain/blockchain-wallet-v4-frontend/issues' rel='noopener noreferrer' target='_blank'>here<a/>."
      id="layouts.wallet.header.whatsnew.whatsnew.in_progress"
      values={Object {}}
    />
  </text>
</EmptyContent__Wrapper>
`;
